S ما حدث أمر مؤسف ، ولكن يبدو أن هذا قدر دول المنطقة العربية . يخطئ من يرد على عمل إجرامي بضرب المسجد ؛ لأنه يوسع دائرة العداء للنصارى ، ويقلل من التعاطف معهم . ويخطئ المسلمون الذين يردون عليهم بنفس الروح المتعصبة ، وكان يجب أن يتجاوزوا ويصفحوا في ساعة ثورة الغضب العمياء وقت الحادث .
S أولا أنا أعزي أهالي الأشخاص الذين توفوا في الحادث ثم أن من الممكن أن تقوم حرب قريبا ، وأن هذه الانفجارات من المحتمل أنها سوف تتعدد في كثير من البلدان المصرية ؛ ليضعفوا نفوس المصريين والوحدة ويقيمون حربا بيننا وبينهم . فيجب علينا التمسك بديننا وعدم التفرق ، وهذه علامة من علامات القيامة ، ويا رب تفوتنا على خير . وأكيد وراء هذه الفتن الصهيونيين .
S بشار سوف يذهب نعم بانقلاب عسكري ، وقائد الانقلاب ضابط عسكري من حمص اسمه السفياني . سوف يدعى الإسلام والحرية في بداية الأمر ، والناس سيثيقون به حتى إذا تمكن من الحكم أظهر وجهه الآخر ( الخيانة وقتل المسلمين ) ، وبعدها سيندم الناس على بشار الأسد ، ويصيرون يترحمون عليه على ما فرطوا فيه .
S أريد أن أعزي الإخوة المسيحيين في مصابنا جميعا . وأطلب منهم ألا ينجرفوا وراء الأقوال التي تهيج الفتنة الطائفية . وأنا على يقين أن هذا العمل نتاج شبكات التجسس الإسرائيلية التي انتشرت في مصر مؤخرا ( حسب تصريح رئيس الموساد ) ؛ لأن إسرائيل هي الدولة الوحيدة المستفيدة من هذا الحادث الأليم . ونأمل تدخل أجهزة المخابرات المصرية ورجال أمن الدولة ؛ لأن الأمر يتجاوز مجرد حادث عرضي .
S ما نقدر نقول إلا أنه : حسبنا الله ونعم الوكيل . أولاد وأعطوهم سلاح ما عرفوا يوجهوه على اليهود قتلوا بعضهم فيه . يا جماعة أنا أؤيد كلمة أخونا التونسي الذي قال : " لو علم الله خيرا في سياسي فلسطين لنصرهم على اليهود وأقام دولتهم " .
S سفير روسيا بباريس كشف أن الرئيس السوري عين مبعوثا عنه لمفاوضة المعارضة على التنحي . هذا الخبر صحيح 100 % قرأته باللغة الروسية في صفحات الأخبار الروسية . يا بقايا جيش النظام سوف يهرب بشاركم الليلة إلى روسيا ويترككم بلا هدف أو مستقبل تواجهون الموت . توبوا وانشقوا عن هذا الخائن لشعبه بمن فيهم من يدافع عنه .
S لا ألاحظ اليوم تعليقات للشبيحة ، يبدو انه حصل لديهم نقص بالعدد في الشارع ، لأتساع رقعة المظاهرات ، فتركوا الانترنت داخل أوكارهم وفروع الأمن الحاقدة , وذلك ما كنت واثقا منه أنهم ستختفي كتاباتهم يوما ، الخزي والعار لهم والنصر لثوار سوريا والمجد لشهدائهم . . .
